// Jest Snapshot v1, https://goo.gl/fbAQLP

exports[`AccordionHeader.vue props: disabled 1`] = `
<div>
  <!---->
</div>
`;

exports[`AccordionHeader.vue props: expanded = true 1`] = `
<div>
  <!---->
</div>
`;

exports[`AccordionHeader.vue props: fullWidth 1`] = `
<div>
  <!---->
</div>
`;

exports[`AccordionHeader.vue props: interactive 1`] = `
<div>
  <!---->
</div>
`;

exports[`AccordionHeader.vue props: openArrows = false, expanded, openCloseIcons 1`] = `
<div>
  <!---->
</div>
`;

exports[`AccordionHeader.vue props: openArrows = false, openCloseIcons 1`] = `
<div>
  <!---->
</div>
`;
